lib/auth.ts(15,13): error TS2322: Type '(credentials: Partial<Record<"email" | "password", unknown>>) => Promise<{ id: string; name: string; email: string; role: string; } | null>' is not assignable to type '(credentials: Partial<Record<"email" | "password", unknown>>, request: Request) => Awaitable<User | null>'.
  Type 'Promise<{ id: string; name: string; email: string; role: string; } | null>' is not assignable to type 'Awaitable<User | null>'.
    Type 'Promise<{ id: string; name: string; email: string; role: string; } | null>' is not assignable to type 'PromiseLike<User | null>'.
      Types of property 'then' are incompatible.
        Type '<TResult1 = { id: string; name: string; email: string; role: string; } | null, TResult2 = never>(onfulfilled?: ((value: { id: string; name: string; email: string; role: string; } | null) => TResult1 | PromiseLike<TResult1>) | null | undefined, onrejected?: ((reason: any) => TResult2 | PromiseLike<...>) | ... 1 more ...' is not assignable to type '<TResult1 = User | null, TResult2 = never>(onfulfilled?: ((value: User | null) => TResult1 | PromiseLike<TResult1>) | null | undefined, onrejected?: ((reason: any) => TResult2 | PromiseLike<...>) | null | undefined) => PromiseLike<...>'.
          Types of parameters 'onfulfilled' and 'onfulfilled' are incompatible.
            Types of parameters 'value' and 'value' are incompatible.
              Type '{ id: string; name: string; email: string; role: string; } | null' is not assignable to type 'User | null'.
                Type '{ id: string; name: string; email: string; role: string; }' is not assignable to type 'User'.
                  Types of property 'role' are incompatible.
                    Type 'string' is not assignable to type 'UserRole'.
server/media/mediaRepository.ts(2,10): error TS2305: Module '"@prisma/client"' has no exported member 'MediaType'.
server/media/mediaRepository.ts(2,21): error TS2305: Module '"@prisma/client"' has no exported member 'LanguageCode'.
server/media/youtubeService.ts(1,10): error TS2305: Module '"@prisma/client"' has no exported member 'LanguageCode'.
server/media/youtubeService.ts(1,24): error TS2305: Module '"@prisma/client"' has no exported member 'MediaType'.
